// Jest Snapshot v1, https://goo.gl/fbAQLP

exports[`should render AddExpense form correctly 1`] = `
<div>
  <ExpenseForm
    onSubmit={[Function]}
  />
</div>
`;
